   Compiling tantivy v0.27.0 (/Users/mingying/tantivy)
warning: unreachable pattern
   --> src/query/range_query/range_query_fastfield.rs:593:9
    |
592 |         Type::Str | Type::Facet | Type::Bytes | Type::Json | Type::Custom => false,
    |         --------- matches all the relevant values
593 |         Type::Str | Type::Facet | Type::Bytes | Type::Json | Type::Vector => false,
    |         ^^^^^^^^^ no value can reach this
    |
    = note: `#[warn(unreachable_patterns)]` (part of `#[warn(unused)]`) on by default

warning: unreachable pattern
   --> src/query/range_query/range_query_fastfield.rs:593:21
    |
592 |         Type::Str | Type::Facet | Type::Bytes | Type::Json | Type::Custom => false,
    |                     ----------- matches all the relevant values
593 |         Type::Str | Type::Facet | Type::Bytes | Type::Json | Type::Vector => false,
    |                     ^^^^^^^^^^^ no value can reach this

warning: unreachable pattern
   --> src/query/range_query/range_query_fastfield.rs:593:35
    |
592 |         Type::Str | Type::Facet | Type::Bytes | Type::Json | Type::Custom => false,
    |                                   ----------- matches all the relevant values
593 |         Type::Str | Type::Facet | Type::Bytes | Type::Json | Type::Vector => false,
    |                                   ^^^^^^^^^^^ no value can reach this

warning: unreachable pattern
   --> src/query/range_query/range_query_fastfield.rs:593:49
    |
592 |         Type::Str | Type::Facet | Type::Bytes | Type::Json | Type::Custom => false,
    |                                                 ---------- matches all the relevant values
593 |         Type::Str | Type::Facet | Type::Bytes | Type::Json | Type::Vector => false,
    |                                                 ^^^^^^^^^^ no value can reach this

warning: unreachable pattern
  --> src/query/range_query/mod.rs:28:9
   |
26 |         Type::Facet => false,
   |         ----------- matches all the relevant values
27 |         Type::Custom => false,
28 |         Type::Facet | Type::Vector => false,
   |         ^^^^^^^^^^^ no value can reach this

warning: unused variable: `routing_query`
   --> src/vector/backend.rs:618:9
    |
618 |         routing_query: &[f32],
    |         ^^^^^^^^^^^^^ help: if this is intentional, prefix it with an underscore: `_routing_query`
    |
    = note: `#[warn(unused_variables)]` (part of `#[warn(unused)]`) on by default

warning: field `ignore_store` is never read
  --> src/indexer/segment_writer.rs:41:5
   |
30 | pub struct SegmentWriter {
   |            ------------- field in this struct
...
41 |     ignore_store: bool,
   |     ^^^^^^^^^^^^
   |
   = note: `#[warn(dead_code)]` (part of `#[warn(unused)]`) on by default

warning: struct `MergeOptimizedInvertedIndexReader` is never constructed
  --> src/index/merge_optimized_inverted_index_reader.rs:19:19
   |
19 | pub(crate) struct MergeOptimizedInvertedIndexReader {
   |                   ^^^^^^^^^^^^^^^^^^^^^^^^^^^^^^^^^

warning: associated items `new`, `empty`, `terms`, `read_block_postings_from_terminfo`, and `read_postings_from_terminfo` are never used
  --> src/index/merge_optimized_inverted_index_reader.rs:27:19
   |
26 | impl MergeOptimizedInvertedIndexReader {
   | -------------------------------------- associated items in this implementation
27 |     pub(crate) fn new(
   |                   ^^^
...
44 |     pub fn empty(record_option: IndexRecordOption) -> MergeOptimizedInvertedIndexReader {
   |            ^^^^^
...
54 |     pub fn terms(&self) -> &TermDictionary {
   |            ^^^^^
...
62 |     pub fn read_block_postings_from_terminfo(
   |            ^^^^^^^^^^^^^^^^^^^^^^^^^^^^^^^^^
...
82 |     pub fn read_postings_from_terminfo(
   |            ^^^^^^^^^^^^^^^^^^^^^^^^^^^

warning: methods `merge_optimized_inverted_index` and `positions_composite` are never used
   --> src/index/segment_reader.rs:349:19
    |
 61 | impl SegmentReader {
    | ------------------ methods in this implementation
...
349 |     pub(crate) fn merge_optimized_inverted_index(
    |                   ^^^^^^^^^^^^^^^^^^^^^^^^^^^^^^
...
658 |     fn positions_composite(&self) -> &CompositeFile {
    |        ^^^^^^^^^^^^^^^^^^^

warning: method `get` is never used
   --> src/vector/backend.rs:438:12
    |
420 | impl WorkUnits {
    | -------------- method in this implementation
...
438 |     pub fn get(self) -> f64 {
    |            ^^^

warning: function `grid2d_first_centroid` is never used
    --> src/vector/backend.rs:2780:8
     |
2780 |     fn grid2d_first_centroid() -> [f32; 2] {
     |        ^^^^^^^^^^^^^^^^^^^^^

warning: `tantivy` (lib test) generated 12 warnings (run `cargo fix --lib -p tantivy --tests` to apply 1 suggestion)
    Finished `release` profile [optimized] target(s) in 41.66s
     Running unittests src/lib.rs (target/release/deps/tantivy-dd7cd841338a5ecf)

running 1 test
test compat_tests::test_format_9 ... ok

test result: ok. 1 passed; 0 failed; 0 ignored; 0 measured; 1522 filtered out; finished in 0.00s
